<?xml version="1.0" encoding="UTF-8"?>
<testsuites name="jest tests" tests="1" failures="0" errors="0" time="1.966">
  <testsuite name="&lt;LandingPage/&gt;" errors="0" failures="0" skipped="0" timestamp="2022-03-06T22:30:00" time="1.535" tests="1">
    <testcase classname="&lt;LandingPage/&gt; should render Landing page &quot;" name="&lt;LandingPage/&gt; should render Landing page &quot;" time="0.008">
    </testcase>
  </testsuite>
</testsuites>